<?xml version="1.0" encoding="utf-8"?><testsuites><testsuite name="pytest" errors="0" failures="0" skipped="0" tests="14" time="10.513" timestamp="2025-01-05T14:11:11.018939+01:00" hostname="juanca"><testcase classname="MyAdventures.tests.test_practica" name="test_activar_tnt" time="0.050" /><testcase classname="MyAdventures.tests.test_practica" name="test_activar_tnt_activado" time="2.002" /><testcase classname="MyAdventures.tests.test_practica" name="test_activar_ai" time="0.001" /><testcase classname="MyAdventures.tests.test_practica" name="test_activar_insult" time="0.001" /><testcase classname="MyAdventures.tests.test_practica" name="test_desactivar_tnt" time="0.132" /><testcase classname="MyAdventures.tests.test_practica" name="test_desactivar_tnt_desactivado" time="0.051" /><testcase classname="MyAdventures.tests.test_practica" name="test_desactivar_ai" time="2.099" /><testcase classname="MyAdventures.tests.test_practica" name="test_desactivar_insult" time="2.149" /><testcase classname="MyAdventures.tests.test_practica" name="test_wake_server" time="0.248" /><testcase classname="MyAdventures.tests.test_practica" name="test_mostrar_bots" time="0.002" /><testcase classname="MyAdventures.tests.test_practica" name="test_enviar_mensaje" time="0.001" /><testcase classname="MyAdventures.tests.test_practica" name="test_obtener_jugadores" time="0.046" /><testcase classname="MyAdventures.tests.test_practica" name="test_activar_bot" time="0.001" /><testcase classname="MyAdventures.tests.test_practica" name="test_desactivar_bot" time="0.097" /></testsuite></testsuites>